main.c:127:5:main	8	static
main.c:197:6:SystemClock_Config	72	static
main.c:236:13:MX_I2C1_Init	8	static
main.c:270:13:MX_TIM1_Init	80	static
main.c:339:13:MX_TIM2_Init	32	static
main.c:384:13:MX_TIM3_Init	56	static
main.c:450:13:MX_USART2_UART_Init	8	static
main.c:483:13:MX_GPIO_Init	40	static
main.c:516:6:MPU6050_Baslat	32	static
main.c:525:9:GyroOku	40	static
main.c:532:7:GyroErr	24	static
main.c:544:6:Kalman_Filtresi	16	static
main.c:564:6:PWMYaz	16	static
main.c:569:6:PD	32	static
main.c:581:10:Sat	24	static
main.c:598:7:pwm2ang	24	static
main.c:607:6:MotorBaslat	8	static
main.c:612:6:HAL_TIM_PeriodElapsedCallback	32	static
main.c:638:6:HAL_TIM_IC_CaptureCallback	16	static
main.c:660:6:Error_Handler	4	static,ignoring_inline_asm
