main.c:110:5:main	8	static
main.c:177:6:SystemClock_Config	72	static
main.c:216:13:MX_I2C1_Init	8	static
main.c:250:13:MX_TIM1_Init	80	static
main.c:319:13:MX_TIM2_Init	32	static
main.c:364:13:MX_TIM3_Init	56	static
main.c:430:13:MX_USART2_UART_Init	8	static
main.c:463:13:MX_GPIO_Init	40	static
main.c:496:6:MPU6050_Baslat	32	static
main.c:505:9:GyroOku	40	static
main.c:512:7:GyroErr	24	static
main.c:524:6:Kalman_Filtresi	16	static
main.c:544:6:PWMYaz	16	static
main.c:549:6:HAL_TIM_PeriodElapsedCallback	32	static
main.c:572:6:HAL_TIM_IC_CaptureCallback	16	static
main.c:594:6:Error_Handler	4	static,ignoring_inline_asm
