14:49:39 **** Incremental Build of configuration Debug for project i2c_read ****
make -j8 all 
arm-none-eabi-gcc "../Core/Src/main.c" -mcpu=cortex-m3 -std=gnu11 -g3 -DDEBUG -DUSE_HAL_DRIVER -DSTM32F103xB -c -I../Core/Inc -I../Drivers/STM32F1xx_HAL_Driver/Inc -I../Drivers/STM32F1xx_HAL_Driver/Inc/Legacy -I../Drivers/CMSIS/Device/ST/STM32F1xx/Include -I../Drivers/CMSIS/Include -O0 -ffunction-sections -fdata-sections -Wall -fstack-usage -MMD -MP -MF"Core/Src/main.d" -MT"Core/Src/main.o" --specs=nano.specs -mfloat-abi=soft -mthumb -o "Core/Src/main.o"
arm-none-eabi-gcc -o "i2c_read.elf" @"objects.list"   -mcpu=cortex-m3 -T"C:\Users\Kerim\STM32CubeIDE\workspace_1.6.1\i2c_read\STM32F103C8TX_FLASH.ld" --specs=nosys.specs -Wl,-Map="i2c_read.map" -Wl,--gc-sections -static --specs=nano.specs -mfloat-abi=soft -mthumb -Wl,--start-group -lc -lm -Wl,--end-group
Finished building target: i2c_read.elf
 
arm-none-eabi-objdump -h -S  i2c_read.elf  > "i2c_read.list"
arm-none-eabi-objcopy  -O binary  i2c_read.elf  "i2c_read.bin"
arm-none-eabi-size   i2c_read.elf 
   text	   data	    bss	    dec	    hex	filename
  10672	     20	   1676	  12368	   3050	i2c_read.elf
Finished building: default.size.stdout
 
Finished building: i2c_read.bin
 
Finished building: i2c_read.list
 

14:49:39 Build Finished. 0 errors, 0 warnings. (took 786ms)

